// Jest Snapshot v1, https://goo.gl/fbAQLP

exports[`Pruebas en el componente ¡¡GigItem!! Capture del jsx componente GifItem 1`] = `
<div
  className="card animate__animated animate__bounceIn"
>
  <img
    alt="Title image"
    className="imgs"
    src="https://www.images/gifs/limit:10/.com"
  />
  <p>
    Title image
  </p>
</div>
`;
